{
  "Defs": [
    {
      "UnitType": "PythonTestPackage",
      "Unit": "python-link-tests",
      "Path": "test_m0.py/test_m0.TESTS_ROOT",
      "Name": "TESTS_ROOT",
      "Kind": "statement",
      "File": "app/tests/test_m0.py",
      "DefStart": 35,
      "DefEnd": 45,
      "Exported": true,
      "Data": {
        "Keyword": "",
        "Kind": "statement",
        "Name": "TESTS_ROOT",
        "Separator": " ",
        "Type": "= os.path.abspath(os.path.dirname(__file__))"
      }
    },
    {
      "UnitType": "PythonTestPackage",
      "Unit": "python-link-tests",
      "Path": "test_m0.py/test_m0.bar.bar",
      "Name": "bar",
      "Kind": "function",
      "File": "app/tests/test_m0.py",
      "DefStart": 96,
      "DefEnd": 99,
      "Exported": true,
      "Data": {
        "Keyword": "def",
        "Kind": "function",
        "Name": "bar",
        "Separator": "",
        "Type": "()"
      }
    },
    {
      "UnitType": "PythonTestPackage",
      "Unit": "python-link-tests",
      "Path": "test_m0.py/test_m0.test_m0",
      "Name": "test_m0.py",
      "Kind": "module",
      "File": "app/tests/test_m0.py",
      "DefStart": 0,
      "DefEnd": 0,
      "Exported": true,
      "Data": {
        "Keyword": "module",
        "Kind": "module",
        "Name": "test_m0",
        "Separator": "",
        "Type": ""
      }
    }
  ],
  "Refs": [
    {
      "DefRepo": "github.com/python/cpython",
      "DefUnitType": "PipPackage",
      "DefUnit": "Python",
      "DefPath": "ntpath.py/os.path.abspath.abspath",
      "UnitType": "PythonTestPackage",
      "Unit": "python-link-tests",
      "File": "app/tests/test_m0.py",
      "Start": 56,
      "End": 63
    },
    {
      "DefRepo": "github.com/python/cpython",
      "DefUnitType": "PipPackage",
      "DefUnit": "Python",
      "DefPath": "ntpath.py/os.path.dirname.dirname",
      "UnitType": "PythonTestPackage",
      "Unit": "python-link-tests",
      "File": "app/tests/test_m0.py",
      "Start": 72,
      "End": 79
    },
    {
      "DefRepo": "github.com/python/cpython",
      "DefUnitType": "PipPackage",
      "DefUnit": "Python",
      "DefPath": "ntpath.py/os.path.ntpath",
      "UnitType": "PythonTestPackage",
      "Unit": "python-link-tests",
      "File": "app/tests/test_m0.py",
      "Start": 51,
      "End": 55
    },
    {
      "DefRepo": "github.com/python/cpython",
      "DefUnitType": "PipPackage",
      "DefUnit": "Python",
      "DefPath": "ntpath.py/os.path.ntpath",
      "UnitType": "PythonTestPackage",
      "Unit": "python-link-tests",
      "File": "app/tests/test_m0.py",
      "Start": 67,
      "End": 71
    },
    {
      "DefRepo": "github.com/python/cpython",
      "DefUnitType": "PipPackage",
      "DefUnit": "Python",
      "DefPath": "os.py/os.os",
      "UnitType": "PythonTestPackage",
      "Unit": "python-link-tests",
      "File": "app/tests/test_m0.py",
      "Start": 48,
      "End": 50
    },
    {
      "DefRepo": "github.com/python/cpython",
      "DefUnitType": "PipPackage",
      "DefUnit": "Python",
      "DefPath": "os.py/os.os",
      "UnitType": "PythonTestPackage",
      "Unit": "python-link-tests",
      "File": "app/tests/test_m0.py",
      "Start": 64,
      "End": 66
    },
    {
      "DefRepo": "github.com/python/cpython",
      "DefUnitType": "PipPackage",
      "DefUnit": "Python",
      "DefPath": "os.py/os.os",
      "UnitType": "PythonTestPackage",
      "Unit": "python-link-tests",
      "File": "app/tests/test_m0.py",
      "Start": 7,
      "End": 9
    },
    {
      "DefRepo": "?",
      "DefUnitType": "PipPackage",
      "DefUnit": "python-link-tests",
      "DefPath": "pkg0/__init__.py/pkg0.pkg0",
      "UnitType": "PythonTestPackage",
      "Unit": "python-link-tests",
      "File": "app/tests/test_m0.py",
      "Start": 15,
      "End": 19
    },
    {
      "DefRepo": "?",
      "DefUnitType": "PipPackage",
      "DefUnit": "python-link-tests",
      "DefPath": "pkg0/m0.py/m0.foo.foo",
      "UnitType": "PythonTestPackage",
      "Unit": "python-link-tests",
      "File": "app/tests/test_m0.py",
      "Start": 104,
      "End": 107
    },
    {
      "DefRepo": "?",
      "DefUnitType": "PipPackage",
      "DefUnit": "python-link-tests",
      "DefPath": "pkg0/m0.py/m0.foo.foo",
      "UnitType": "PythonTestPackage",
      "Unit": "python-link-tests",
      "File": "app/tests/test_m0.py",
      "Start": 30,
      "End": 33
    },
    {
      "DefRepo": "?",
      "DefUnitType": "PipPackage",
      "DefUnit": "python-link-tests",
      "DefPath": "pkg0/m0.py/pkg0.m0.m0",
      "UnitType": "PythonTestPackage",
      "Unit": "python-link-tests",
      "File": "app/tests/test_m0.py",
      "Start": 20,
      "End": 22
    },
    {
      "DefUnitType": "PythonTestPackage",
      "DefUnit": "python-link-tests",
      "DefPath": "test_m0.py/test_m0.TESTS_ROOT",
      "UnitType": "PythonTestPackage",
      "Unit": "python-link-tests",
      "Def": true,
      "File": "app/tests/test_m0.py",
      "Start": 35,
      "End": 45
    },
    {
      "DefUnitType": "PythonTestPackage",
      "DefUnit": "python-link-tests",
      "DefPath": "test_m0.py/test_m0.__file__",
      "UnitType": "PythonTestPackage",
      "Unit": "python-link-tests",
      "File": "app/tests/test_m0.py",
      "Start": 80,
      "End": 88
    },
    {
      "DefUnitType": "PythonTestPackage",
      "DefUnit": "python-link-tests",
      "DefPath": "test_m0.py/test_m0.bar.bar",
      "UnitType": "PythonTestPackage",
      "Unit": "python-link-tests",
      "Def": true,
      "File": "app/tests/test_m0.py",
      "Start": 96,
      "End": 99
    },
    {
      "DefUnitType": "PythonTestPackage",
      "DefUnit": "python-link-tests",
      "DefPath": "test_m0.py/test_m0.test_m0",
      "UnitType": "PythonTestPackage",
      "Unit": "python-link-tests",
      "Def": true,
      "File": "app/tests/test_m0.py",
      "Start": 0,
      "End": 0
    }
  ]
}