{"Name":"python-link-tests","Type":"PythonTestPackage","Files":["pkg0/tests/test_m0.py"],"Dir":"pkg0/tests","Dependencies":[{"Type":"PipPackage","Name":"python-link-tests"},{"Repo":"github.com/pypa/setuptools","Type":"PipPackage","Name":"setuptools"}],"Data":{"ReqFiles":[],"Reqs":[{"modules":["m0","setup"],"packages":null,"project_name":"python-link-tests","repo_url":""}]}}
